Welcome to Abella 2.0.2
Abella < Specification "tal".
Reading specification "tal"

Abella < Theorem Find-type-user-defined-addition : 
forall EnvH EnvR V1 V2 V3, {addition V1 V2 V3} ->
  {typeOf nilEnvT EnvH EnvR V1 int} -> {typeOf nilEnvT EnvH EnvR V2 int} ->
  {typeOf nilEnvT EnvH EnvR V3 int}.

============================
 forall EnvH EnvR V1 V2 V3, {addition V1 V2 V3} ->
   {typeOf nilEnvT EnvH EnvR V1 int} -> {typeOf nilEnvT EnvH EnvR V2 int} ->
   {typeOf nilEnvT EnvH EnvR V3 int}

Find-type-user-defined-addition < intros.

Variables: EnvH EnvR V1 V2 V3
H1 : {addition V1 V2 V3}
H2 : {typeOf nilEnvT EnvH EnvR V1 int}
H3 : {typeOf nilEnvT EnvH EnvR V2 int}
============================
 {typeOf nilEnvT EnvH EnvR V3 int}

Find-type-user-defined-addition < case H1.

Variables: EnvH EnvR
H2 : {typeOf nilEnvT EnvH EnvR zero int}
H3 : {typeOf nilEnvT EnvH EnvR zero int}
============================
 {typeOf nilEnvT EnvH EnvR zero int}

Find-type-user-defined-addition < search.
Proof completed.

Abella < Theorem Find-type-user-defined-multiplication : 
forall EnvH EnvR V1 V2 V3, {multiplication V1 V2 V3} ->
  {typeOf nilEnvT EnvH EnvR V1 int} -> {typeOf nilEnvT EnvH EnvR V2 int} ->
  {typeOf nilEnvT EnvH EnvR V3 int}.

============================
 forall EnvH EnvR V1 V2 V3, {multiplication V1 V2 V3} ->
   {typeOf nilEnvT EnvH EnvR V1 int} -> {typeOf nilEnvT EnvH EnvR V2 int} ->
   {typeOf nilEnvT EnvH EnvR V3 int}

Find-type-user-defined-multiplication < intros.

Variables: EnvH EnvR V1 V2 V3
H1 : {multiplication V1 V2 V3}
H2 : {typeOf nilEnvT EnvH EnvR V1 int}
H3 : {typeOf nilEnvT EnvH EnvR V2 int}
============================
 {typeOf nilEnvT EnvH EnvR V3 int}

Find-type-user-defined-multiplication < case H1.

Variables: EnvH EnvR
H2 : {typeOf nilEnvT EnvH EnvR zero int}
H3 : {typeOf nilEnvT EnvH EnvR zero int}
============================
 {typeOf nilEnvT EnvH EnvR zero int}

Find-type-user-defined-multiplication < search.
Proof completed.

Abella < Goodbye.
